###############################################################################
#
# IAR ELF Linker V8.50.9.278/W32 for ARM                  04/Apr/2021  08:38:14
# Copyright 2007-2020 IAR Systems AB.
#
#    Output file  =
#        D:\Facul\Micro\ELF52\lab-02\Exec11\Projects\asm_example\Debug\Exe\asm_example.out
#    Map file     =
#        D:\Facul\Micro\ELF52\lab-02\Exec11\Projects\asm_example\Debug\List\asm_example.map
#    Command line =
#        -f C:\Users\USURIO~2\AppData\Local\Temp\EWA2AD.tmp
#        (D:\Facul\Micro\ELF52\lab-02\Exec11\Projects\asm_example\Debug\Obj\asm.o
#        --no_out_extension -o
#        D:\Facul\Micro\ELF52\lab-02\Exec11\Projects\asm_example\Debug\Exe\asm_example.out
#        --redirect _Printf=_PrintfFullNoMb --redirect _Scanf=_ScanfFullNoMb
#        --map
#        D:\Facul\Micro\ELF52\lab-02\Exec11\Projects\asm_example\Debug\List\asm_example.map
#        --config "D:\Program Files (x86)\IAR Systems\Embedded Workbench
#        8.4\arm\CONFIG\generic_cortex.icf" --semihosting --no_library_search
#        --entry __iar_program_start --vfe --text_out locale)
#
###############################################################################

*******************************************************************************
*** PLACEMENT SUMMARY
***

"A0":  place at address 0x0 { ro section .intvec };
"P1":  place in [from 0x0 to 0x7'ffff] { ro };
define block CSTACK with size = 1K, alignment = 8 { };
define block PROC_STACK with size = 0, alignment = 8 { };
define block HEAP with size = 2K, alignment = 8 { };
"P2":  place in [from 0x2000'0000 to 0x2000'ffff] {
          rw, block CSTACK, block PROC_STACK, block HEAP };

No sections matched the following patterns:

  rw  in "P2"


  Section   Kind         Address   Size  Object
  -------   ----         -------   ----  ------
"A0":                              0x40
  .intvec   ro code          0x0   0x40  asm.o [1]
                          - 0x40   0x40

"P1":                              0x3c
  .text     ro code         0x40   0x3a  asm.o [1]
  .text     ro code         0x7a    0x2  asm.o [1]
                          - 0x7c   0x3c

"P2":                             0x400
  CSTACK             0x2000'0000  0x400  <Block>
    CSTACK  uninit   0x2000'0000  0x400  <Block tail>
                   - 0x2000'0400  0x400

Unused ranges:

         From           To      Size
         ----           --      ----
         0x7c     0x7'ffff  0x7'ff84
  0x2000'0400  0x2000'ffff    0xfc00



*******************************************************************************
*** MODULE SUMMARY
***

    Module          ro code  rw data
    ------          -------  -------
command line/config:
    --------------------------------
    Total:

D:\Facul\Micro\ELF52\lab-02\Exec11\Projects\asm_example\Debug\Obj: [1]
    asm.o               124
    --------------------------------
    Total:              124

    Linker created             1'024
------------------------------------
    Grand Total:        124    1'024


*******************************************************************************
*** ENTRY LIST
***

Entry                    Address  Size  Type      Object
-----                    -------  ----  ----      ------
CSTACK$$Base         0x2000'0000         --   Gb  - Linker created -
CSTACK$$Limit        0x2000'0400         --   Gb  - Linker created -
__iar_program_start         0x41        Code  Gb  asm.o [1]
__vector_table               0x0        Data  Gb  asm.o [1]


[1] = D:\Facul\Micro\ELF52\lab-02\Exec11\Projects\asm_example\Debug\Obj

    124 bytes of readonly  code memory
  1'024 bytes of readwrite data memory

Errors: none
Warnings: none
